Archive member included to satisfy reference by file (symbol)

c:/program files (x86)/atmel/studio/7.0/toolchain/avr8/avr8-gnu-toolchain/bin/../lib/gcc/avr/5.4.0/avr51\libgcc.a(_exit.o)
                              C:/Program Files (x86)/Atmel/Studio/7.0/Packs/atmel/ATmega_DFP/1.2.150/gcc/dev/atmega128/avr51/crtatmega128.o (exit)
c:/program files (x86)/atmel/studio/7.0/toolchain/avr8/avr8-gnu-toolchain/bin/../lib/gcc/avr/5.4.0/avr51\libgcc.a(_copy_data.o)
                              source/tasks.o (__do_copy_data)
c:/program files (x86)/atmel/studio/7.0/toolchain/avr8/avr8-gnu-toolchain/bin/../lib/gcc/avr/5.4.0/avr51\libgcc.a(_clear_bss.o)
                              source/croutine.o (__do_clear_bss)
c:/program files (x86)/atmel/studio/7.0/toolchain/avr8/avr8-gnu-toolchain/bin/../lib/gcc/avr/5.4.0/../../../../avr/lib/avr51\libc.a(memcpy.o)
                              source/queue.o (memcpy)

Discarded input sections

 .data          0x00000000        0x0 C:/Program Files (x86)/Atmel/Studio/7.0/Packs/atmel/ATmega_DFP/1.2.150/gcc/dev/atmega128/avr51/crtatmega128.o
 .bss           0x00000000        0x0 C:/Program Files (x86)/Atmel/Studio/7.0/Packs/atmel/ATmega_DFP/1.2.150/gcc/dev/atmega128/avr51/crtatmega128.o
 .text          0x00000000        0x0 main.o
 .data          0x00000000        0x0 main.o
 .bss           0x00000000        0x0 main.o
 .text          0x00000000        0x0 source/croutine.o
 .data          0x00000000        0x0 source/croutine.o
 .bss           0x00000000        0x0 source/croutine.o
 .text.xCoRoutineCreate
                0x00000000       0xe4 source/croutine.o
 .text.vCoRoutineAddToDelayedList
                0x00000000       0x84 source/croutine.o
 .text.vCoRoutineSchedule
                0x00000000      0x1da source/croutine.o
 .text.xCoRoutineRemoveFromEventList
                0x00000000       0x4a source/croutine.o
 .bss.xPassedTicks
                0x00000000        0x2 source/croutine.o
 .bss.xLastTickCount
                0x00000000        0x2 source/croutine.o
 .bss.xCoRoutineTickCount
                0x00000000        0x2 source/croutine.o
 .bss.uxTopCoRoutineReadyPriority
                0x00000000        0x1 source/croutine.o
 .bss.pxCurrentCoRoutine
                0x00000000        0x2 source/croutine.o
 .bss.xPendingReadyCoRoutineList
                0x00000000        0x9 source/croutine.o
 .bss.pxOverflowDelayedCoRoutineList
                0x00000000        0x2 source/croutine.o
 .bss.pxDelayedCoRoutineList
                0x00000000        0x2 source/croutine.o
 .bss.xDelayedCoRoutineList2
                0x00000000        0x9 source/croutine.o
 .bss.xDelayedCoRoutineList1
                0x00000000        0x9 source/croutine.o
 .bss.pxReadyCoRoutineLists
                0x00000000       0x12 source/croutine.o
 .debug_info    0x00000000      0x773 source/croutine.o
 .debug_abbrev  0x00000000      0x244 source/croutine.o
 .debug_loc     0x00000000      0x41c source/croutine.o
 .debug_aranges
                0x00000000       0x38 source/croutine.o
 .debug_ranges  0x00000000       0x40 source/croutine.o
 .debug_line    0x00000000      0x355 source/croutine.o
 .debug_str     0x00000000      0x56b source/croutine.o
 .comment       0x00000000       0x31 source/croutine.o
 .debug_frame   0x00000000       0xbc source/croutine.o
 .text          0x00000000        0x0 source/event_groups.o
 .data          0x00000000        0x0 source/event_groups.o
 .bss           0x00000000        0x0 source/event_groups.o
 .text.xEventGroupCreate
                0x00000000       0x26 source/event_groups.o
 .text.xEventGroupWaitBits
                0x00000000       0xf0 source/event_groups.o
 .text.xEventGroupClearBits
                0x00000000       0x1e source/event_groups.o
 .text.xEventGroupGetBitsFromISR
                0x00000000        0x8 source/event_groups.o
 .text.xEventGroupSetBits
                0x00000000       0xaa source/event_groups.o
 .text.xEventGroupSync
                0x00000000       0xd6 source/event_groups.o
 .text.vEventGroupDelete
                0x00000000       0x2c source/event_groups.o
 .text.vEventGroupSetBitsCallback
                0x00000000        0x6 source/event_groups.o
 .text.vEventGroupClearBitsCallback
                0x00000000        0x6 source/event_groups.o
 .debug_info    0x00000000      0x8e4 source/event_groups.o
 .debug_abbrev  0x00000000      0x228 source/event_groups.o
 .debug_loc     0x00000000      0xaca source/event_groups.o
 .debug_aranges
                0x00000000       0x60 source/event_groups.o
 .debug_ranges  0x00000000       0x70 source/event_groups.o
 .debug_line    0x00000000      0x3fa source/event_groups.o
 .debug_str     0x00000000      0x5bb source/event_groups.o
 .comment       0x00000000       0x31 source/event_groups.o
 .debug_frame   0x00000000      0x14c source/event_groups.o
 .text          0x00000000        0x0 source/list.o
 .data          0x00000000        0x0 source/list.o
 .bss           0x00000000        0x0 source/list.o
 .text.vListInsert
                0x00000000       0x70 source/list.o
 .text          0x00000000        0x0 source/portable/GCC/ATMega323/port.o
 .data          0x00000000        0x0 source/portable/GCC/ATMega323/port.o
 .bss           0x00000000        0x0 source/portable/GCC/ATMega323/port.o
 .text.vPortEndScheduler
                0x00000000        0x2 source/portable/GCC/ATMega323/port.o
 .text          0x00000000        0x0 source/portable/MemMang/heap_1.o
 .data          0x00000000        0x0 source/portable/MemMang/heap_1.o
 .bss           0x00000000        0x0 source/portable/MemMang/heap_1.o
 .text.vPortInitialiseBlocks
                0x00000000        0xa source/portable/MemMang/heap_1.o
 .text.xPortGetFreeHeapSize
                0x00000000       0x12 source/portable/MemMang/heap_1.o
 .text          0x00000000        0x0 source/queue.o
 .data          0x00000000        0x0 source/queue.o
 .bss           0x00000000        0x0 source/queue.o
 .text.prvIsQueueEmpty
                0x00000000       0x16 source/queue.o
 .text.prvCopyDataToQueue
                0x00000000       0x90 source/queue.o
 .text.prvCopyDataFromQueue
                0x00000000       0x34 source/queue.o
 .text.prvUnlockQueue
                0x00000000       0x7c source/queue.o
 .text.xQueueGenericReset
                0x00000000       0x74 source/queue.o
 .text.xQueueGenericCreate
                0x00000000       0x50 source/queue.o
 .text.xQueueGenericSend
                0x00000000      0x12c source/queue.o
 .text.xQueueGenericSendFromISR
                0x00000000       0x5e source/queue.o
 .text.xQueueGiveFromISR
                0x00000000       0x46 source/queue.o
 .text.xQueueReceive
                0x00000000      0x124 source/queue.o
 .text.xQueueSemaphoreTake
                0x00000000      0x10c source/queue.o
 .text.xQueuePeek
                0x00000000      0x124 source/queue.o
 .text.xQueueReceiveFromISR
                0x00000000       0x5e source/queue.o
 .text.xQueuePeekFromISR
                0x00000000       0x2e source/queue.o
 .text.uxQueueMessagesWaiting
                0x00000000       0x10 source/queue.o
 .text.uxQueueSpacesAvailable
                0x00000000       0x14 source/queue.o
 .text.uxQueueMessagesWaitingFromISR
                0x00000000        0x6 source/queue.o
 .text.vQueueDelete
                0x00000000        0x4 source/queue.o
 .text.xQueueIsQueueEmptyFromISR
                0x00000000        0xc source/queue.o
 .text.xQueueIsQueueFullFromISR
                0x00000000        0xe source/queue.o
 .text.xQueueCRSend
                0x00000000       0x6e source/queue.o
 .text.xQueueCRReceive
                0x00000000       0x8e source/queue.o
 .text.xQueueCRSendFromISR
                0x00000000       0x46 source/queue.o
 .text.xQueueCRReceiveFromISR
                0x00000000       0x7a source/queue.o
 .debug_info    0x00000000     0x1695 source/queue.o
 .debug_abbrev  0x00000000      0x2c1 source/queue.o
 .debug_loc     0x00000000     0x1c31 source/queue.o
 .debug_aranges
                0x00000000       0xd8 source/queue.o
 .debug_ranges  0x00000000       0xc8 source/queue.o
 .debug_line    0x00000000      0xbb1 source/queue.o
 .debug_str     0x00000000      0x7be source/queue.o
 .comment       0x00000000       0x31 source/queue.o
 .debug_frame   0x00000000      0x338 source/queue.o
 .text          0x00000000        0x0 source/stream_buffer.o
 .data          0x00000000        0x0 source/stream_buffer.o
 .bss           0x00000000        0x0 source/stream_buffer.o
 .text.prvBytesInBuffer
                0x00000000       0x26 source/stream_buffer.o
 .text.prvWriteBytesToBuffer
                0x00000000       0x92 source/stream_buffer.o
 .text.prvWriteMessageToBuffer
                0x00000000       0x7c source/stream_buffer.o
 .text.prvReadBytesFromBuffer
                0x00000000       0x9e source/stream_buffer.o
 .text.prvReadMessageFromBuffer
                0x00000000       0x90 source/stream_buffer.o
 .text.xStreamBufferGenericCreate
                0x00000000       0x5c source/stream_buffer.o
 .text.vStreamBufferDelete
                0x00000000       0x16 source/stream_buffer.o
 .text.xStreamBufferReset
                0x00000000       0x4a source/stream_buffer.o
 .text.xStreamBufferSetTriggerLevel
                0x00000000       0x22 source/stream_buffer.o
 .text.xStreamBufferSpacesAvailable
                0x00000000       0x24 source/stream_buffer.o
 .text.xStreamBufferBytesAvailable
                0x00000000        0x4 source/stream_buffer.o
 .text.xStreamBufferSend
                0x00000000      0x146 source/stream_buffer.o
 .text.xStreamBufferSendFromISR
                0x00000000       0x88 source/stream_buffer.o
 .text.xStreamBufferReceive
                0x00000000       0xf2 source/stream_buffer.o
 .text.xStreamBufferReceiveFromISR
                0x00000000       0x88 source/stream_buffer.o
 .text.xStreamBufferIsEmpty
                0x00000000       0x16 source/stream_buffer.o
 .text.xStreamBufferIsFull
                0x00000000       0x2c source/stream_buffer.o
 .text.xStreamBufferSendCompletedFromISR
                0x00000000       0x46 source/stream_buffer.o
 .text.xStreamBufferReceiveCompletedFromISR
                0x00000000       0x46 source/stream_buffer.o
 .debug_info    0x00000000     0x11c3 source/stream_buffer.o
 .debug_abbrev  0x00000000      0x25c source/stream_buffer.o
 .debug_loc     0x00000000     0x1a84 source/stream_buffer.o
 .debug_aranges
                0x00000000       0xb0 source/stream_buffer.o
 .debug_ranges  0x00000000       0xa0 source/stream_buffer.o
 .debug_line    0x00000000      0x710 source/stream_buffer.o
 .debug_str     0x00000000      0x76f source/stream_buffer.o
 .comment       0x00000000       0x31 source/stream_buffer.o
 .debug_frame   0x00000000      0x398 source/stream_buffer.o
 .text          0x00000000        0x0 source/tasks.o
 .data          0x00000000        0x0 source/tasks.o
 .bss           0x00000000        0x0 source/tasks.o
 .text.prvAddCurrentTaskToDelayedList.isra.2
                0x00000000       0x86 source/tasks.o
 .text.vTaskDelete
                0x00000000       0xaa source/tasks.o
 .text.vTaskEndScheduler
                0x00000000        0xa source/tasks.o
 .text.xTaskGetTickCount
                0x00000000       0x14 source/tasks.o
 .text.xTaskGetTickCountFromISR
                0x00000000        0xa source/tasks.o
 .text.uxTaskGetNumberOfTasks
                0x00000000        0x6 source/tasks.o
 .text.pcTaskGetName
                0x00000000       0x10 source/tasks.o
 .text.vTaskDelayUntil
                0x00000000       0x6e source/tasks.o
 .text.vTaskDelay
                0x00000000       0x28 source/tasks.o
 .text.vTaskPlaceOnEventList
                0x00000000       0x20 source/tasks.o
 .text.vTaskPlaceOnUnorderedEventList
                0x00000000       0x2e source/tasks.o
 .text.xTaskRemoveFromEventList
                0x00000000       0x80 source/tasks.o
 .text.vTaskRemoveFromUnorderedEventList
                0x00000000       0x64 source/tasks.o
 .text.vTaskSetTimeOutState
                0x00000000       0x20 source/tasks.o
 .text.vTaskInternalSetTimeOutState
                0x00000000       0x16 source/tasks.o
 .text.xTaskCheckForTimeOut
                0x00000000       0x54 source/tasks.o
 .text.vTaskMissedYield
                0x00000000        0x8 source/tasks.o
 .text.uxTaskResetEventItemValue
                0x00000000       0x2e source/tasks.o
 .text.ulTaskNotifyTake
                0x00000000       0xa0 source/tasks.o
 .text.xTaskNotifyWait
                0x00000000      0x10e source/tasks.o
 .text.xTaskGenericNotify
                0x00000000       0xd2 source/tasks.o
 .text.xTaskGenericNotifyFromISR
                0x00000000       0xf4 source/tasks.o
 .text.vTaskNotifyGiveFromISR
                0x00000000       0xa4 source/tasks.o
 .text.xTaskNotifyStateClear
                0x00000000       0x28 source/tasks.o
 .text          0x00000000        0x0 source/timers.o
 .data          0x00000000        0x0 source/timers.o
 .bss           0x00000000        0x0 source/timers.o
 .debug_info    0x00000000       0x64 source/timers.o
 .debug_abbrev  0x00000000       0x26 source/timers.o
 .debug_aranges
                0x00000000       0x18 source/timers.o
 .debug_line    0x00000000       0x1a source/timers.o
 .debug_str     0x00000000      0x19f source/timers.o
 .comment       0x00000000       0x31 source/timers.o
 .text          0x00000000        0x0 c:/program files (x86)/atmel/studio/7.0/toolchain/avr8/avr8-gnu-toolchain/bin/../lib/gcc/avr/5.4.0/avr51\libgcc.a(_exit.o)
 .data          0x00000000        0x0 c:/program files (x86)/atmel/studio/7.0/toolchain/avr8/avr8-gnu-toolchain/bin/../lib/gcc/avr/5.4.0/avr51\libgcc.a(_exit.o)
 .bss           0x00000000        0x0 c:/program files (x86)/atmel/studio/7.0/toolchain/avr8/avr8-gnu-toolchain/bin/../lib/gcc/avr/5.4.0/avr51\libgcc.a(_exit.o)
 .text.libgcc.mul
                0x00000000        0x0 c:/program files (x86)/atmel/studio/7.0/toolchain/avr8/avr8-gnu-toolchain/bin/../lib/gcc/avr/5.4.0/avr51\libgcc.a(_exit.o)
 .text.libgcc.div
                0x00000000        0x0 c:/program files (x86)/atmel/studio/7.0/toolchain/avr8/avr8-gnu-toolchain/bin/../lib/gcc/avr/5.4.0/avr51\libgcc.a(_exit.o)
 .text.libgcc   0x00000000        0x0 c:/program files (x86)/atmel/studio/7.0/toolchain/avr8/avr8-gnu-toolchain/bin/../lib/gcc/avr/5.4.0/avr51\libgcc.a(_exit.o)
 .text.libgcc.prologue
                0x00000000        0x0 c:/program files (x86)/atmel/studio/7.0/toolchain/avr8/avr8-gnu-toolchain/bin/../lib/gcc/avr/5.4.0/avr51\libgcc.a(_exit.o)
 .text.libgcc.builtins
                0x00000000        0x0 c:/program files (x86)/atmel/studio/7.0/toolchain/avr8/avr8-gnu-toolchain/bin/../lib/gcc/avr/5.4.0/avr51\libgcc.a(_exit.o)
 .text.libgcc.fmul
                0x00000000        0x0 c:/program files (x86)/atmel/studio/7.0/toolchain/avr8/avr8-gnu-toolchain/bin/../lib/gcc/avr/5.4.0/avr51\libgcc.a(_exit.o)
 .text.libgcc.fixed
                0x00000000        0x0 c:/program files (x86)/atmel/studio/7.0/toolchain/avr8/avr8-gnu-toolchain/bin/../lib/gcc/avr/5.4.0/avr51\libgcc.a(_exit.o)
 .text          0x00000000        0x0 c:/program files (x86)/atmel/studio/7.0/toolchain/avr8/avr8-gnu-toolchain/bin/../lib/gcc/avr/5.4.0/avr51\libgcc.a(_copy_data.o)
 .data          0x00000000        0x0 c:/program files (x86)/atmel/studio/7.0/toolchain/avr8/avr8-gnu-toolchain/bin/../lib/gcc/avr/5.4.0/avr51\libgcc.a(_copy_data.o)
 .bss           0x00000000        0x0 c:/program files (x86)/atmel/studio/7.0/toolchain/avr8/avr8-gnu-toolchain/bin/../lib/gcc/avr/5.4.0/avr51\libgcc.a(_copy_data.o)
 .text.libgcc.mul
                0x00000000        0x0 c:/program files (x86)/atmel/studio/7.0/toolchain/avr8/avr8-gnu-toolchain/bin/../lib/gcc/avr/5.4.0/avr51\libgcc.a(_copy_data.o)
 .text.libgcc.div
                0x00000000        0x0 c:/program files (x86)/atmel/studio/7.0/toolchain/avr8/avr8-gnu-toolchain/bin/../lib/gcc/avr/5.4.0/avr51\libgcc.a(_copy_data.o)
 .text.libgcc   0x00000000        0x0 c:/program files (x86)/atmel/studio/7.0/toolchain/avr8/avr8-gnu-toolchain/bin/../lib/gcc/avr/5.4.0/avr51\libgcc.a(_copy_data.o)
 .text.libgcc.prologue
                0x00000000        0x0 c:/program files (x86)/atmel/studio/7.0/toolchain/avr8/avr8-gnu-toolchain/bin/../lib/gcc/avr/5.4.0/avr51\libgcc.a(_copy_data.o)
 .text.libgcc.builtins
                0x00000000        0x0 c:/program files (x86)/atmel/studio/7.0/toolchain/avr8/avr8-gnu-toolchain/bin/../lib/gcc/avr/5.4.0/avr51\libgcc.a(_copy_data.o)
 .text.libgcc.fmul
                0x00000000        0x0 c:/program files (x86)/atmel/studio/7.0/toolchain/avr8/avr8-gnu-toolchain/bin/../lib/gcc/avr/5.4.0/avr51\libgcc.a(_copy_data.o)
 .text.libgcc.fixed
                0x00000000        0x0 c:/program files (x86)/atmel/studio/7.0/toolchain/avr8/avr8-gnu-toolchain/bin/../lib/gcc/avr/5.4.0/avr51\libgcc.a(_copy_data.o)
 .text          0x00000000        0x0 c:/program files (x86)/atmel/studio/7.0/toolchain/avr8/avr8-gnu-toolchain/bin/../lib/gcc/avr/5.4.0/avr51\libgcc.a(_clear_bss.o)
 .data          0x00000000        0x0 c:/program files (x86)/atmel/studio/7.0/toolchain/avr8/avr8-gnu-toolchain/bin/../lib/gcc/avr/5.4.0/avr51\libgcc.a(_clear_bss.o)
 .bss           0x00000000        0x0 c:/program files (x86)/atmel/studio/7.0/toolchain/avr8/avr8-gnu-toolchain/bin/../lib/gcc/avr/5.4.0/avr51\libgcc.a(_clear_bss.o)
 .text.libgcc.mul
                0x00000000        0x0 c:/program files (x86)/atmel/studio/7.0/toolchain/avr8/avr8-gnu-toolchain/bin/../lib/gcc/avr/5.4.0/avr51\libgcc.a(_clear_bss.o)
 .text.libgcc.div
                0x00000000        0x0 c:/program files (x86)/atmel/studio/7.0/toolchain/avr8/avr8-gnu-toolchain/bin/../lib/gcc/avr/5.4.0/avr51\libgcc.a(_clear_bss.o)
 .text.libgcc   0x00000000        0x0 c:/program files (x86)/atmel/studio/7.0/toolchain/avr8/avr8-gnu-toolchain/bin/../lib/gcc/avr/5.4.0/avr51\libgcc.a(_clear_bss.o)
 .text.libgcc.prologue
                0x00000000        0x0 c:/program files (x86)/atmel/studio/7.0/toolchain/avr8/avr8-gnu-toolchain/bin/../lib/gcc/avr/5.4.0/avr51\libgcc.a(_clear_bss.o)
 .text.libgcc.builtins
                0x00000000        0x0 c:/program files (x86)/atmel/studio/7.0/toolchain/avr8/avr8-gnu-toolchain/bin/../lib/gcc/avr/5.4.0/avr51\libgcc.a(_clear_bss.o)
 .text.libgcc.fmul
                0x00000000        0x0 c:/program files (x86)/atmel/studio/7.0/toolchain/avr8/avr8-gnu-toolchain/bin/../lib/gcc/avr/5.4.0/avr51\libgcc.a(_clear_bss.o)
 .text.libgcc.fixed
                0x00000000        0x0 c:/program files (x86)/atmel/studio/7.0/toolchain/avr8/avr8-gnu-toolchain/bin/../lib/gcc/avr/5.4.0/avr51\libgcc.a(_clear_bss.o)
 .text          0x00000000        0x0 c:/program files (x86)/atmel/studio/7.0/toolchain/avr8/avr8-gnu-toolchain/bin/../lib/gcc/avr/5.4.0/../../../../avr/lib/avr51\libc.a(memcpy.o)
 .data          0x00000000        0x0 c:/program files (x86)/atmel/studio/7.0/toolchain/avr8/avr8-gnu-toolchain/bin/../lib/gcc/avr/5.4.0/../../../../avr/lib/avr51\libc.a(memcpy.o)
 .bss           0x00000000        0x0 c:/program files (x86)/atmel/studio/7.0/toolchain/avr8/avr8-gnu-toolchain/bin/../lib/gcc/avr/5.4.0/../../../../avr/lib/avr51\libc.a(memcpy.o)
 .text.avr-libc
                0x00000000       0x12 c:/program files (x86)/atmel/studio/7.0/toolchain/avr8/avr8-gnu-toolchain/bin/../lib/gcc/avr/5.4.0/../../../../avr/lib/avr51\libc.a(memcpy.o)

Memory Configuration

Name             Origin             Length             Attributes
text             0x00000000         0x00020000         xr
data             0x00800100         0x0000ff00         rw !x
eeprom           0x00810000         0x00010000         rw !x
fuse             0x00820000         0x00000003         rw !x
lock             0x00830000         0x00000400         rw !x
signature        0x00840000         0x00000400         rw !x
user_signatures  0x00850000         0x00000400         rw !x
*default*        0x00000000         0xffffffff

Linker script and memory map

Address of section .data set to 0x800100
LOAD C:/Program Files (x86)/Atmel/Studio/7.0/Packs/atmel/ATmega_DFP/1.2.150/gcc/dev/atmega128/avr51/crtatmega128.o
LOAD main.o
LOAD source/croutine.o
LOAD source/event_groups.o
LOAD source/list.o
LOAD source/portable/GCC/ATMega323/port.o
LOAD source/portable/MemMang/heap_1.o
LOAD source/queue.o
LOAD source/stream_buffer.o
LOAD source/tasks.o
LOAD source/timers.o
START GROUP
LOAD c:/program files (x86)/atmel/studio/7.0/toolchain/avr8/avr8-gnu-toolchain/bin/../lib/gcc/avr/5.4.0/../../../../avr/lib/avr51\libm.a
END GROUP
START GROUP
LOAD c:/program files (x86)/atmel/studio/7.0/toolchain/avr8/avr8-gnu-toolchain/bin/../lib/gcc/avr/5.4.0/avr51\libgcc.a
LOAD c:/program files (x86)/atmel/studio/7.0/toolchain/avr8/avr8-gnu-toolchain/bin/../lib/gcc/avr/5.4.0/../../../../avr/lib/avr51\libm.a
LOAD c:/program files (x86)/atmel/studio/7.0/toolchain/avr8/avr8-gnu-toolchain/bin/../lib/gcc/avr/5.4.0/../../../../avr/lib/avr51\libc.a
LOAD C:/Program Files (x86)/Atmel/Studio/7.0/Packs/atmel/ATmega_DFP/1.2.150/gcc/dev/atmega128/avr51\libatmega128.a
END GROUP
                0x00020000                __TEXT_REGION_LENGTH__ = DEFINED (__TEXT_REGION_LENGTH__)?__TEXT_REGION_LENGTH__:0x20000
                0x0000ff00                __DATA_REGION_LENGTH__ = DEFINED (__DATA_REGION_LENGTH__)?__DATA_REGION_LENGTH__:0xff00
                0x00010000                __EEPROM_REGION_LENGTH__ = DEFINED (__EEPROM_REGION_LENGTH__)?__EEPROM_REGION_LENGTH__:0x10000
                [0x00000003]                __FUSE_REGION_LENGTH__ = DEFINED (__FUSE_REGION_LENGTH__)?__FUSE_REGION_LENGTH__:0x400
                0x00000400                __LOCK_REGION_LENGTH__ = DEFINED (__LOCK_REGION_LENGTH__)?__LOCK_REGION_LENGTH__:0x400
                0x00000400                __SIGNATURE_REGION_LENGTH__ = DEFINED (__SIGNATURE_REGION_LENGTH__)?__SIGNATURE_REGION_LENGTH__:0x400
                0x00000400                __USER_SIGNATURE_REGION_LENGTH__ = DEFINED (__USER_SIGNATURE_REGION_LENGTH__)?__USER_SIGNATURE_REGION_LENGTH__:0x400

.hash
 *(.hash)

.dynsym
 *(.dynsym)

.dynstr
 *(.dynstr)

.gnu.version
 *(.gnu.version)

.gnu.version_d
 *(.gnu.version_d)

.gnu.version_r
 *(.gnu.version_r)

.rel.init
 *(.rel.init)

.rela.init
 *(.rela.init)

.rel.text
 *(.rel.text)
 *(.rel.text.*)
 *(.rel.gnu.linkonce.t*)

.rela.text
 *(.rela.text)
 *(.rela.text.*)
 *(.rela.gnu.linkonce.t*)

.rel.fini
 *(.rel.fini)

.rela.fini
 *(.rela.fini)

.rel.rodata
 *(.rel.rodata)
 *(.rel.rodata.*)
 *(.rel.gnu.linkonce.r*)

.rela.rodata
 *(.rela.rodata)
 *(.rela.rodata.*)
 *(.rela.gnu.linkonce.r*)

.rel.data
 *(.rel.data)
 *(.rel.data.*)
 *(.rel.gnu.linkonce.d*)

.rela.data
 *(.rela.data)
 *(.rela.data.*)
 *(.rela.gnu.linkonce.d*)

.rel.ctors
 *(.rel.ctors)

.rela.ctors
 *(.rela.ctors)

.rel.dtors
 *(.rel.dtors)

.rela.dtors
 *(.rela.dtors)

.rel.got
 *(.rel.got)

.rela.got
 *(.rela.got)

.rel.bss
 *(.rel.bss)

.rela.bss
 *(.rela.bss)

.rel.plt
 *(.rel.plt)

.rela.plt
 *(.rela.plt)

.text           0x00000000      0x9ec
 *(.vectors)
 .vectors       0x00000000       0x8c C:/Program Files (x86)/Atmel/Studio/7.0/Packs/atmel/ATmega_DFP/1.2.150/gcc/dev/atmega128/avr51/crtatmega128.o
                0x00000000                __vector_default
                0x00000000                __vectors
 *(.vectors)
 *(.progmem.gcc*)
                0x0000008c                . = ALIGN (0x2)
                0x0000008c                __trampolines_start = .
 *(.trampolines)
 .trampolines   0x0000008c        0x0 linker stubs
 *(.trampolines*)
                0x0000008c                __trampolines_end = .
 *libprintf_flt.a:*(.progmem.data)
 *libc.a:*(.progmem.data)
 *(.progmem*)
                0x0000008c                . = ALIGN (0x2)
 *(.jumptables)
 *(.jumptables*)
 *(.lowtext)
 *(.lowtext*)
                0x0000008c                __ctors_start = .
 *(.ctors)
                0x0000008c                __ctors_end = .
                0x0000008c                __dtors_start = .
 *(.dtors)
                0x0000008c                __dtors_end = .
 SORT(*)(.ctors)
 SORT(*)(.dtors)
 *(.init0)
 .init0         0x0000008c        0x0 C:/Program Files (x86)/Atmel/Studio/7.0/Packs/atmel/ATmega_DFP/1.2.150/gcc/dev/atmega128/avr51/crtatmega128.o
                0x0000008c                __init
 *(.init0)
 *(.init1)
 *(.init1)
 *(.init2)
 .init2         0x0000008c        0xc C:/Program Files (x86)/Atmel/Studio/7.0/Packs/atmel/ATmega_DFP/1.2.150/gcc/dev/atmega128/avr51/crtatmega128.o
 *(.init2)
 *(.init3)
 *(.init3)
 *(.init4)
 .init4         0x00000098       0x1a c:/program files (x86)/atmel/studio/7.0/toolchain/avr8/avr8-gnu-toolchain/bin/../lib/gcc/avr/5.4.0/avr51\libgcc.a(_copy_data.o)
                0x00000098                __do_copy_data
 .init4         0x000000b2       0x10 c:/program files (x86)/atmel/studio/7.0/toolchain/avr8/avr8-gnu-toolchain/bin/../lib/gcc/avr/5.4.0/avr51\libgcc.a(_clear_bss.o)
                0x000000b2                __do_clear_bss
 *(.init4)
 *(.init5)
 *(.init5)
 *(.init6)
 *(.init6)
 *(.init7)
 *(.init7)
 *(.init8)
 *(.init8)
 *(.init9)
 .init9         0x000000c2        0x4 C:/Program Files (x86)/Atmel/Studio/7.0/Packs/atmel/ATmega_DFP/1.2.150/gcc/dev/atmega128/avr51/crtatmega128.o
 *(.init9)
 *(.text)
 .text          0x000000c6        0x2 C:/Program Files (x86)/Atmel/Studio/7.0/Packs/atmel/ATmega_DFP/1.2.150/gcc/dev/atmega128/avr51/crtatmega128.o
                0x000000c6                __vector_22
                0x000000c6                __vector_28
                0x000000c6                __vector_1
                0x000000c6                __vector_32
                0x000000c6                __vector_34
                0x000000c6                __vector_24
                0x000000c6                __bad_interrupt
                0x000000c6                __vector_6
                0x000000c6                __vector_31
                0x000000c6                __vector_3
                0x000000c6                __vector_23
                0x000000c6                __vector_30
                0x000000c6                __vector_25
                0x000000c6                __vector_11
                0x000000c6                __vector_13
                0x000000c6                __vector_17
                0x000000c6                __vector_19
                0x000000c6                __vector_7
                0x000000c6                __vector_27
                0x000000c6                __vector_5
                0x000000c6                __vector_33
                0x000000c6                __vector_4
                0x000000c6                __vector_9
                0x000000c6                __vector_2
                0x000000c6                __vector_21
                0x000000c6                __vector_15
                0x000000c6                __vector_29
                0x000000c6                __vector_8
                0x000000c6                __vector_26
                0x000000c6                __vector_14
                0x000000c6                __vector_10
                0x000000c6                __vector_16
                0x000000c6                __vector_18
                0x000000c6                __vector_20
                0x000000c8                . = ALIGN (0x2)
 *(.text.*)
 .text.startup.main
                0x000000c8        0x4 main.o
                0x000000c8                main
 .text.vListInitialise
                0x000000cc       0x1c source/list.o
                0x000000cc                vListInitialise
 .text.vListInitialiseItem
                0x000000e8        0x8 source/list.o
                0x000000e8                vListInitialiseItem
 .text.vListInsertEnd
                0x000000f0       0x42 source/list.o
                0x000000f0                vListInsertEnd
 .text.uxListRemove
                0x00000132       0x48 source/list.o
                0x00000132                uxListRemove
 .text.pxPortInitialiseStack
                0x0000017a       0xd8 source/portable/GCC/ATMega323/port.o
                0x0000017a                pxPortInitialiseStack
 .text.xPortStartScheduler
                0x00000252       0x6a source/portable/GCC/ATMega323/port.o
                0x00000252                xPortStartScheduler
 .text.vPortYield
                0x000002bc       0xb0 source/portable/GCC/ATMega323/port.o
                0x000002bc                vPortYield
 .text.vPortYieldFromTick
                0x0000036c       0xb4 source/portable/GCC/ATMega323/port.o
                0x0000036c                vPortYieldFromTick
 .text.__vector_12
                0x00000420        0x4 source/portable/GCC/ATMega323/port.o
                0x00000420                __vector_12
 .text.pvPortMalloc
                0x00000424       0x60 source/portable/MemMang/heap_1.o
                0x00000424                pvPortMalloc
 .text.vPortFree
                0x00000484        0x2 source/portable/MemMang/heap_1.o
                0x00000484                vPortFree
 .text.prvResetNextTaskUnblockTime
                0x00000486       0x36 source/tasks.o
 .text.prvIdleTask
                0x000004bc       0x50 source/tasks.o
 .text.xTaskCreate
                0x0000050c      0x1d8 source/tasks.o
                0x0000050c                xTaskCreate
 .text.vTaskStartScheduler
                0x000006e4       0x50 source/tasks.o
                0x000006e4                vTaskStartScheduler
 .text.vTaskSuspendAll
                0x00000734        0xc source/tasks.o
                0x00000734                vTaskSuspendAll
 .text.xTaskIncrementTick
                0x00000740      0x150 source/tasks.o
                0x00000740                xTaskIncrementTick
 .text.xTaskResumeAll
                0x00000890       0xd2 source/tasks.o
                0x00000890                xTaskResumeAll
 .text.vTaskSwitchContext
                0x00000962       0x86 source/tasks.o
                0x00000962                vTaskSwitchContext
                0x000009e8                . = ALIGN (0x2)
 *(.fini9)
 .fini9         0x000009e8        0x0 c:/program files (x86)/atmel/studio/7.0/toolchain/avr8/avr8-gnu-toolchain/bin/../lib/gcc/avr/5.4.0/avr51\libgcc.a(_exit.o)
                0x000009e8                _exit
                0x000009e8                exit
 *(.fini9)
 *(.fini8)
 *(.fini8)
 *(.fini7)
 *(.fini7)
 *(.fini6)
 *(.fini6)
 *(.fini5)
 *(.fini5)
 *(.fini4)
 *(.fini4)
 *(.fini3)
 *(.fini3)
 *(.fini2)
 *(.fini2)
 *(.fini1)
 *(.fini1)
 *(.fini0)
 .fini0         0x000009e8        0x4 c:/program files (x86)/atmel/studio/7.0/toolchain/avr8/avr8-gnu-toolchain/bin/../lib/gcc/avr/5.4.0/avr51\libgcc.a(_exit.o)
 *(.fini0)
                0x000009ec                _etext = .

.data           0x00800100        0x6 load address 0x000009ec
                0x00800100                PROVIDE (__data_start, .)
 *(.data)
 *(.data*)
 *(.gnu.linkonce.d*)
 *(.rodata)
 *(.rodata*)
 .rodata.str1.1
                0x00800100        0x5 source/tasks.o
 *(.gnu.linkonce.r*)
                0x00800106                . = ALIGN (0x2)
 *fill*         0x00800105        0x1 
                0x00800106                _edata = .
                0x00800106                PROVIDE (__data_end, .)

.bss            0x00800106      0x63d
                0x00800106                PROVIDE (__bss_start, .)
 *(.bss)
 *(.bss*)
 .bss.pucAlignedHeap.2079
                0x00800106        0x2 source/portable/MemMang/heap_1.o
 .bss.xNextFreeByte
                0x00800108        0x2 source/portable/MemMang/heap_1.o
 .bss.ucHeap    0x0080010a      0x5dc source/portable/MemMang/heap_1.o
 .bss.uxSchedulerSuspended
                0x008006e6        0x1 source/tasks.o
 .bss.xIdleTaskHandle
                0x008006e7        0x2 source/tasks.o
 .bss.xNextTaskUnblockTime
                0x008006e9        0x2 source/tasks.o
 .bss.uxTaskNumber
                0x008006eb        0x1 source/tasks.o
 .bss.xNumOfOverflows
                0x008006ec        0x1 source/tasks.o
 .bss.xYieldPending
                0x008006ed        0x1 source/tasks.o
 .bss.uxPendedTicks
                0x008006ee        0x1 source/tasks.o
 .bss.xSchedulerRunning
                0x008006ef        0x1 source/tasks.o
 .bss.uxTopReadyPriority
                0x008006f0        0x1 source/tasks.o
 .bss.xTickCount
                0x008006f1        0x2 source/tasks.o
 .bss.uxCurrentNumberOfTasks
                0x008006f3        0x1 source/tasks.o
 .bss.uxDeletedTasksWaitingCleanUp
                0x008006f4        0x1 source/tasks.o
 .bss.xTasksWaitingTermination
                0x008006f5        0x9 source/tasks.o
 .bss.xPendingReadyList
                0x008006fe        0x9 source/tasks.o
 .bss.pxOverflowDelayedTaskList
                0x00800707        0x2 source/tasks.o
 .bss.pxDelayedTaskList
                0x00800709        0x2 source/tasks.o
 .bss.xDelayedTaskList2
                0x0080070b        0x9 source/tasks.o
 .bss.xDelayedTaskList1
                0x00800714        0x9 source/tasks.o
 .bss.pxReadyTasksLists
                0x0080071d       0x24 source/tasks.o
 .bss.pxCurrentTCB
                0x00800741        0x2 source/tasks.o
                0x00800741                pxCurrentTCB
 *(COMMON)
                0x00800743                PROVIDE (__bss_end, .)
                0x000009ec                __data_load_start = LOADADDR (.data)
                0x000009f2                __data_load_end = (__data_load_start + SIZEOF (.data))

.noinit         0x00800743        0x0
                [!provide]                PROVIDE (__noinit_start, .)
 *(.noinit*)
                [!provide]                PROVIDE (__noinit_end, .)
                0x00800743                _end = .
                [!provide]                PROVIDE (__heap_start, .)

.eeprom         0x00810000        0x0
 *(.eeprom*)
                0x00810000                __eeprom_end = .

.fuse
 *(.fuse)
 *(.lfuse)
 *(.hfuse)
 *(.efuse)

.lock
 *(.lock*)

.signature
 *(.signature*)

.user_signatures
 *(.user_signatures*)

.stab
 *(.stab)

.stabstr
 *(.stabstr)

.stab.excl
 *(.stab.excl)

.stab.exclstr
 *(.stab.exclstr)

.stab.index
 *(.stab.index)

.stab.indexstr
 *(.stab.indexstr)

.comment        0x00000000       0x30
 *(.comment)
 .comment       0x00000000       0x30 main.o
                                 0x31 (size before relaxing)
 .comment       0x00000030       0x31 source/list.o
 .comment       0x00000030       0x31 source/portable/GCC/ATMega323/port.o
 .comment       0x00000030       0x31 source/portable/MemMang/heap_1.o
 .comment       0x00000030       0x31 source/tasks.o

.note.gnu.avr.deviceinfo
                0x00000000       0x3c
 .note.gnu.avr.deviceinfo
                0x00000000       0x3c C:/Program Files (x86)/Atmel/Studio/7.0/Packs/atmel/ATmega_DFP/1.2.150/gcc/dev/atmega128/avr51/crtatmega128.o

.note.gnu.build-id
 *(.note.gnu.build-id)

.debug
 *(.debug)

.line
 *(.line)

.debug_srcinfo
 *(.debug_srcinfo)

.debug_sfnames
 *(.debug_sfnames)

.debug_aranges  0x00000000      0x1f8
 *(.debug_aranges)
 .debug_aranges
                0x00000000       0x20 main.o
 .debug_aranges
                0x00000020       0x40 source/list.o
 .debug_aranges
                0x00000060       0x48 source/portable/GCC/ATMega323/port.o
 .debug_aranges
                0x000000a8       0x38 source/portable/MemMang/heap_1.o
 .debug_aranges
                0x000000e0      0x118 source/tasks.o

.debug_pubnames
 *(.debug_pubnames)

.debug_info     0x00000000     0x271b
 *(.debug_info .gnu.linkonce.wi.*)
 .debug_info    0x00000000      0x780 C:/Program Files (x86)/Atmel/Studio/7.0/Packs/atmel/ATmega_DFP/1.2.150/gcc/dev/atmega128/avr51/crtatmega128.o
 .debug_info    0x00000780       0xa7 main.o
 .debug_info    0x00000827      0x2cc source/list.o
 .debug_info    0x00000af3      0x263 source/portable/GCC/ATMega323/port.o
 .debug_info    0x00000d56      0x1a4 source/portable/MemMang/heap_1.o
 .debug_info    0x00000efa     0x1821 source/tasks.o

.debug_abbrev   0x00000000      0xe39
 *(.debug_abbrev)
 .debug_abbrev  0x00000000      0x718 C:/Program Files (x86)/Atmel/Studio/7.0/Packs/atmel/ATmega_DFP/1.2.150/gcc/dev/atmega128/avr51/crtatmega128.o
 .debug_abbrev  0x00000718       0x68 main.o
 .debug_abbrev  0x00000780       0xff source/list.o
 .debug_abbrev  0x0000087f      0x155 source/portable/GCC/ATMega323/port.o
 .debug_abbrev  0x000009d4      0x11c source/portable/MemMang/heap_1.o
 .debug_abbrev  0x00000af0      0x349 source/tasks.o

.debug_line     0x00000000     0x1587
 *(.debug_line .debug_line.* .debug_line_end)
 .debug_line    0x00000000      0x169 C:/Program Files (x86)/Atmel/Studio/7.0/Packs/atmel/ATmega_DFP/1.2.150/gcc/dev/atmega128/avr51/crtatmega128.o
 .debug_line    0x00000169       0x5b main.o
 .debug_line    0x000001c4      0x218 source/list.o
 .debug_line    0x000003dc      0x2e2 source/portable/GCC/ATMega323/port.o
 .debug_line    0x000006be      0x1c7 source/portable/MemMang/heap_1.o
 .debug_line    0x00000885      0xd02 source/tasks.o

.debug_frame    0x00000000      0x570
 *(.debug_frame)
 .debug_frame   0x00000000       0x24 main.o
 .debug_frame   0x00000024       0x90 source/list.o
 .debug_frame   0x000000b4       0x74 source/portable/GCC/ATMega323/port.o
 .debug_frame   0x00000128       0x60 source/portable/MemMang/heap_1.o
 .debug_frame   0x00000188      0x3e8 source/tasks.o

.debug_str      0x00000000      0xf30
 *(.debug_str)
 .debug_str     0x00000000      0x27d C:/Program Files (x86)/Atmel/Studio/7.0/Packs/atmel/ATmega_DFP/1.2.150/gcc/dev/atmega128/avr51/crtatmega128.o
 .debug_str     0x0000027d      0x178 main.o
                                0x1b1 (size before relaxing)
 .debug_str     0x000003f5      0x14e source/list.o
                                0x2e0 (size before relaxing)
 .debug_str     0x00000543      0x146 source/portable/GCC/ATMega323/port.o
                                0x2f1 (size before relaxing)
 .debug_str     0x00000689       0xc5 source/portable/MemMang/heap_1.o
                                0x262 (size before relaxing)
 .debug_str     0x0000074e      0x7e2 source/tasks.o
                                0xbac (size before relaxing)

.debug_loc      0x00000000     0x1dd9
 *(.debug_loc)
 .debug_loc     0x00000000      0x1d7 source/list.o
 .debug_loc     0x000001d7      0x2a0 source/portable/GCC/ATMega323/port.o
 .debug_loc     0x00000477       0xd3 source/portable/MemMang/heap_1.o
 .debug_loc     0x0000054a     0x188f source/tasks.o

.debug_macinfo
 *(.debug_macinfo)

.debug_weaknames
 *(.debug_weaknames)

.debug_funcnames
 *(.debug_funcnames)

.debug_typenames
 *(.debug_typenames)

.debug_varnames
 *(.debug_varnames)

.debug_pubtypes
 *(.debug_pubtypes)

.debug_ranges   0x00000000      0x210
 *(.debug_ranges)
 .debug_ranges  0x00000000       0x10 main.o
 .debug_ranges  0x00000010       0x30 source/list.o
 .debug_ranges  0x00000040       0x38 source/portable/GCC/ATMega323/port.o
 .debug_ranges  0x00000078       0x28 source/portable/MemMang/heap_1.o
 .debug_ranges  0x000000a0      0x170 source/tasks.o

.debug_macro
 *(.debug_macro)
OUTPUT(test_free_rtos_atmega128.elf elf32-avr)
LOAD linker stubs
